// Jest Snapshot v1, https://goo.gl/fbAQLP

exports[`Help command describes all commands 1`] = `
"Commands:
\`?config\` - Read and modify config options. *(Server owner only. No touch!)*
\`?help\` - Print this handy message.
\`?ping\` - Ping my host server to check latency.
\`?sr <YouTube, SoundCloud, or Bandcamp link>\` - Submit a song to the queue.
    \`?sr info\` - Print a handy message to let people know how to queue-up.
    \`?sr setup <channel name>\` - Set a channel as the 'queue' channel. *(Server owner only. No touch!)*
    \`?sr teardown <channel name>\` - Deletes and un-sets the current queue. *(Server owner only. No touch!)*
    \`?sr open\` - Start accepting song requests to the queue.
    \`?sr close\` - Stop accepting song requests to the queue.
    \`?sr limit <entry-duration|cooldown|count>\` - Set a limit value on the queue. (Time in seconds, where applicable)
    \`?sr stats\` - Print statistics on the current queue.
    \`?sr restart\` - Empty the queue and start a fresh queue session.
\`?t\` - Start typing. :wink:
\`?video <YouTube, SoundCloud, or Bandcamp link>\` - Put the video title and duration in chat.
\`?version\` - Display the bot's current codebase version.
"
`;
