// Vitest Snapshot v1, https://vitest.dev/guide/snapshot.html

exports[`Song request via URL > Song request help > descibes how to submit a song 1`] = `
"To submit a song, use \`?sr\`

For example: \`/sr https://youtu.be/dQw4w9WgXcQ\`
I will respond with confirmation that your song has joined the queue!
See our list of supported platforms at <https://github.com/AverageHelper/Gamgee#supported-music-platforms>.

To get a link to the current song, use \`?nowplaying\`."
`;
